<html>
<body>
<pre>
<h1>µVision Build Log</h1>
<h2>Tool Versions:</h2>
IDE-Version: µVision V5.18a
Copyright (C) 2016 ARM Ltd and ARM Germany GmbH. All rights reserved.
License Information: oleg akulov, nil rims, LIC=----
 
Tool Versions:
Toolchain:       MDK-Lite  Version: 5.18a
Toolchain Path:  C:\Keil_v5\ARM\ARMCC\Bin
C Compiler:      Armcc.exe V5.06 update 1 (build 61)
Assembler:       Armasm.exe V5.06 update 1 (build 61)
Linker/Locator:  ArmLink.exe V5.06 update 1 (build 61)
Library Manager: ArmAr.exe V5.06 update 1 (build 61)
Hex Converter:   FromElf.exe V5.06 update 1 (build 61)
CPU DLL:         SARMCM3.DLL V5.18a
Dialog DLL:      DCM.DLL V1.13.6.0
Target DLL:      STLink\ST-LINKIII-KEIL_SWO.dll V2.0.18.0
Dialog DLL:      TCM.DLL V1.14.8.0
 
<h2>Project:</h2>
C:\Users\NIL_RIMS_2\Documents\Keil Projects\testOnSTM32F4yo\testOnStm32f4.uvprojx
Project File Date:  04/22/2016

<h2>Output:</h2>
*** Using Compiler 'V5.06 update 1 (build 61)', folder: 'C:\Keil_v5\ARM\ARMCC\Bin'
Build target 'Target 1'
compiling timer.c...
.\CMSIS\stm32f4xx_conf.h(101): warning:  #1-D: last line of file ends without a newline
  /************************ (C) COPYRIGHT STMicroelectronics *****END OF FILE****/
libs\defines.h(27): warning:  #1-D: last line of file ends without a newline
  #define OBJECTS_COUNT 5
libs\timer.h(3): warning:  #1-D: last line of file ends without a newline
  void InitTimerForSSI();
libs\timer.h(3): warning:  #1295-D: Deprecated declaration InitTimerForSSI - give arg types
  void InitTimerForSSI();
libs\timer.c(16): warning:  #1-D: last line of file ends without a newline
  }
libs\timer.c: 5 warnings, 0 errors
linking...
Program Size: Code=4220 RO-data=424 RW-data=8 ZI-data=1632  
".\Objects\testOnStm32f4.axf" - 0 Error(s), 5 Warning(s).

<h2>Collection of Component include folders:</h2>
  C:\Users\NIL_RIMS_2\Documents\Keil Projects\testOnSTM32F4yo\RTE
  C:\Keil_v5\ARM\PACK\Keil\STM32F4xx_DFP\2.8.0\Drivers\CMSIS\Device\ST\STM32F4xx\Include

<h2>Collection of Component Files used:</h2>
Build Time Elapsed:  00:00:01
</pre>
</body>
</html>
